0 verbose cli /usr/local/bin/node /usr/local/bin/npm
1 info using npm@11.6.2
2 info using node@v24.11.1
3 silly config load:file:/usr/local/lib/node_modules/npm/npmrc
4 silly config load:file:/home/container/.npmrc
5 silly config load:file:/usr/local/etc/npmrc
6 verbose title npm install
7 verbose argv "install"
8 verbose logfile logs-max:10 dir:/home/container/.npm/_logs/2026-07-10T04_50_15_100Z-
9 verbose logfile /home/container/.npm/_logs/2026-07-10T04_50_15_100Z-debug-0.log
10 silly logfile done cleaning log files
11 silly packumentCache heap:271581184 maxSize:67895296 maxEntrySize:33947648
12 verbose shrinkwrap failed to load node_modules/.package-lock.json out of date, updated: node_modules
13 silly idealTree buildDeps
14 silly reify mark retired [
14 silly reify   '/home/container/node_modules/prebuild-install',
14 silly reify   '/home/container/node_modules/.bin/prebuild-install'
14 silly reify ]
15 silly reify mark retired [
15 silly reify   '/home/container/node_modules/rc',
15 silly reify   '/home/container/node_modules/.bin/rc'
15 silly reify ]
16 silly reify mark retired [
16 silly reify   '/home/container/node_modules/semver',
16 silly reify   '/home/container/node_modules/.bin/semver'
16 silly reify ]
17 silly reify moves {
17 silly reify   '/home/container/node_modules/prebuild-install': '/home/container/node_modules/.prebuild-install-pSF4xhYg',
17 silly reify   '/home/container/node_modules/.bin/prebuild-install': '/home/container/node_modules/.bin/.prebuild-install-EWJATqHo',
17 silly reify   '/home/container/node_modules/rc': '/home/container/node_modules/.rc-FiBbgigo',
17 silly reify   '/home/container/node_modules/.bin/rc': '/home/container/node_modules/.bin/.rc-I4Fmd0q9',
17 silly reify   '/home/container/node_modules/semver': '/home/container/node_modules/.semver-clkkOKMn',
17 silly reify   '/home/container/node_modules/.bin/semver': '/home/container/node_modules/.bin/.semver-6FrAJfdb'
17 silly reify }
18 silly audit bulk request {
18 silly audit   '@discordjs/builders': [ '1.14.1' ],
18 silly audit   '@discordjs/collection': [ '1.5.3', '2.1.1' ],
18 silly audit   '@discordjs/formatters': [ '0.6.2' ],
18 silly audit   '@discordjs/rest': [ '2.6.1' ],
18 silly audit   '@sapphire/snowflake': [ '3.5.5', '3.5.3' ],
18 silly audit   '@discordjs/util': [ '1.2.0' ],
18 silly audit   '@discordjs/ws': [ '1.2.3' ],
18 silly audit   '@sapphire/async-queue': [ '1.5.5' ],
18 silly audit   '@sapphire/shapeshift': [ '4.0.0' ],
18 silly audit   '@types/node': [ '26.1.0' ],
18 silly audit   '@types/ws': [ '8.18.1' ],
18 silly audit   '@vladfrangu/async_event_emitter': [ '2.4.7' ],
18 silly audit   'base64-js': [ '1.5.1' ],
18 silly audit   'better-sqlite3': [ '12.11.1' ],
18 silly audit   bindings: [ '1.5.0' ],
18 silly audit   bl: [ '4.1.0' ],
18 silly audit   buffer: [ '5.7.1' ],
18 silly audit   chownr: [ '1.1.4' ],
18 silly audit   'decompress-response': [ '6.0.0' ],
18 silly audit   'deep-extend': [ '0.6.0' ],
18 silly audit   'detect-libc': [ '2.1.2' ],
18 silly audit   'discord-api-types': [ '0.38.49' ],
18 silly audit   'discord.js': [ '14.26.4' ],
18 silly audit   dotenv: [ '17.4.2' ],
18 silly audit   'end-of-stream': [ '1.4.5' ],
18 silly audit   'expand-template': [ '2.0.3' ],
18 silly audit   'fast-deep-equal': [ '3.1.3' ],
18 silly audit   'file-uri-to-path': [ '1.0.0' ],
18 silly audit   'fs-constants': [ '1.0.0' ],
18 silly audit   'github-from-package': [ '0.0.0' ],
18 silly audit   ieee754: [ '1.2.1' ],
18 silly audit   inherits: [ '2.0.4' ],
18 silly audit   ini: [ '1.3.8' ],
18 silly audit   'lavalink-client': [ '2.10.3' ],
18 silly audit   libsodium: [ '0.8.4' ],
18 silly audit   'libsodium-wrappers': [ '0.8.4' ],
18 silly audit   lodash: [ '4.18.1' ],
18 silly audit   'lodash.snakecase': [ '4.1.1' ],
18 silly audit   'magic-bytes.js': [ '1.13.0' ],
18 silly audit   'mimic-response': [ '3.1.0' ],
18 silly audit   minimist: [ '1.2.8' ],
18 silly audit   'mkdirp-classic': [ '0.5.3' ],
18 silly audit   'napi-build-utils': [ '2.0.0' ],
18 silly audit   'node-abi': [ '3.94.0' ],
18 silly audit   once: [ '1.4.0' ],
18 silly audit   'prebuild-install': [ '7.1.3' ],
18 silly audit   pump: [ '3.0.4' ],
18 silly audit   rc: [ '1.2.8' ],
18 silly audit   'readable-stream': [ '3.6.2' ],
18 silly audit   'safe-buffer': [ '5.2.1' ],
18 silly audit   semver: [ '7.8.5' ],
18 silly audit   'simple-concat': [ '1.0.1' ],
18 silly audit   'simple-get': [ '4.0.1' ],
18 silly audit   string_decoder: [ '1.3.0' ],
18 silly audit   'strip-json-comments': [ '2.0.1' ],
18 silly audit   'tar-fs': [ '2.1.5' ],
18 silly audit   'tar-stream': [ '2.2.0' ],
18 silly audit   'ts-mixer': [ '6.0.4' ],
18 silly audit   tslib: [ '2.8.1' ],
18 silly audit   'tunnel-agent': [ '0.6.0' ],
18 silly audit   undici: [ '6.24.1' ],
18 silly audit   'undici-types': [ '8.3.0' ],
18 silly audit   'util-deprecate': [ '1.0.2' ],
18 silly audit   wrappy: [ '1.0.2' ],
18 silly audit   ws: [ '8.21.0' ]
18 silly audit }
19 http cache semver@https://registry.npmjs.org/semver/-/semver-7.8.5.tgz 0ms (cache hit)
20 http cache rc@https://registry.npmjs.org/rc/-/rc-1.2.8.tgz 0ms (cache hit)
21 http cache prebuild-install@https://registry.npmjs.org/prebuild-install/-/prebuild-install-7.1.3.tgz 0ms (cache hit)
22 warn deprecated prebuild-install@7.1.3: No longer maintained. Please contact the author of the relevant native addon; alternatives are available.
23 http fetch POST 200 https://registry.npmjs.org/-/npm/v1/security/advisories/bulk 602ms
24 silly audit report {
24 silly audit report   undici: [
24 silly audit report     {
24 silly audit report       id: 1121242,
24 silly audit report       url: 'https://github.com/advisories/GHSA-p88m-4jfj-68fv',
24 silly audit report       title: 'undici vulnerable to HTTP header injection via Set-Cookie percent-decoding',
24 silly audit report       severity: 'moderate',
24 silly audit report       vulnerable_versions: '<6.27.0',
24 silly audit report       cwe: [Array],
24 silly audit report       cvss: [Object]
24 silly audit report     },
24 silly audit report     {
24 silly audit report       id: 1121245,
24 silly audit report       url: 'https://github.com/advisories/GHSA-vxpw-j846-p89q',
24 silly audit report       title: 'undici WebSocket client vulnerable to denial of service via fragment count bypass',
24 silly audit report       severity: 'high',
24 silly audit report       vulnerable_versions: '<6.27.0',
24 silly audit report       cwe: [Array],
24 silly audit report       cvss: [Object]
24 silly audit report     },
24 silly audit report     {
24 silly audit report       id: 1121250,
24 silly audit report       url: 'https://github.com/advisories/GHSA-35p6-xmwp-9g52',
24 silly audit report       title: 'undici vulnerable to HTTP response queue poisoning via keep-alive socket reuse',
24 silly audit report       severity: 'low',
24 silly audit report       vulnerable_versions: '<6.27.0',
24 silly audit report       cwe: [Array],
24 silly audit report       cvss: [Object]
24 silly audit report     },
24 silly audit report     {
24 silly audit report       id: 1121255,
24 silly audit report       url: 'https://github.com/advisories/GHSA-g8m3-5g58-fq7m',
24 silly audit report       title: 'undici vulnerable to Set-Cookie SameSite attribute downgrade via permissive substring matching',
24 silly audit report       severity: 'low',
24 silly audit report       vulnerable_versions: '<6.27.0',
24 silly audit report       cwe: [Array],
24 silly audit report       cvss: [Object]
24 silly audit report     }
24 silly audit report   ]
24 silly audit report }
25 silly packumentCache corgi:https://registry.npmjs.org/undici cache-miss
26 http fetch GET 200 https://registry.npmjs.org/undici 196ms (cache revalidated)
27 silly packumentCache corgi:https://registry.npmjs.org/undici set size:448766 disposed:false
28 silly packumentCache corgi:https://registry.npmjs.org/@discordjs%2frest cache-miss
29 silly packumentCache corgi:https://registry.npmjs.org/discord.js cache-miss
30 http fetch GET 200 https://registry.npmjs.org/@discordjs%2frest 401ms (cache revalidated)
31 silly packumentCache corgi:https://registry.npmjs.org/@discordjs%2frest set size:2924191 disposed:false
32 http fetch GET 200 https://registry.npmjs.org/discord.js 897ms (cache revalidated)
33 silly packumentCache corgi:https://registry.npmjs.org/discord.js set size:4065907 disposed:false
34 silly packumentCache corgi:https://registry.npmjs.org/@discordjs%2fws cache-miss
35 http fetch GET 200 https://registry.npmjs.org/@discordjs%2fws 241ms (cache revalidated)
36 silly packumentCache corgi:https://registry.npmjs.org/@discordjs%2fws set size:2736757 disposed:false
37 silly CHANGE node_modules/semver
38 silly CHANGE node_modules/rc
39 silly CHANGE node_modules/prebuild-install
40 verbose cwd /home/container
41 verbose os Linux 6.1.0-49-amd64
42 verbose node v24.11.1
43 verbose npm  v11.6.2
44 verbose exit 0
45 info ok
