0 verbose cli /usr/local/bin/node /usr/local/bin/npm
1 info using npm@11.6.2
2 info using node@v24.11.1
3 silly config load:file:/usr/local/lib/node_modules/npm/npmrc
4 silly config load:file:/home/container/.npmrc
5 silly config load:file:/usr/local/etc/npmrc
6 verbose title npm install
7 verbose argv "install"
8 verbose logfile logs-max:10 dir:/home/container/.npm/_logs/2026-07-10T04_56_37_185Z-
9 verbose logfile /home/container/.npm/_logs/2026-07-10T04_56_37_185Z-debug-0.log
10 silly logfile done cleaning log files
11 silly packumentCache heap:271581184 maxSize:67895296 maxEntrySize:33947648
12 silly idealTree buildDeps
13 silly reify moves {}
14 silly audit bulk request {
14 silly audit   '@discordjs/builders': [ '1.14.1' ],
14 silly audit   '@discordjs/collection': [ '1.5.3', '2.1.1' ],
14 silly audit   '@discordjs/formatters': [ '0.6.2' ],
14 silly audit   '@discordjs/rest': [ '2.6.1' ],
14 silly audit   '@sapphire/snowflake': [ '3.5.5', '3.5.3' ],
14 silly audit   '@discordjs/util': [ '1.2.0' ],
14 silly audit   '@discordjs/ws': [ '1.2.3' ],
14 silly audit   '@sapphire/async-queue': [ '1.5.5' ],
14 silly audit   '@sapphire/shapeshift': [ '4.0.0' ],
14 silly audit   '@types/node': [ '26.1.0' ],
14 silly audit   '@types/ws': [ '8.18.1' ],
14 silly audit   '@vladfrangu/async_event_emitter': [ '2.4.7' ],
14 silly audit   'base64-js': [ '1.5.1' ],
14 silly audit   'better-sqlite3': [ '12.11.1' ],
14 silly audit   bindings: [ '1.5.0' ],
14 silly audit   bl: [ '4.1.0' ],
14 silly audit   buffer: [ '5.7.1' ],
14 silly audit   chownr: [ '1.1.4' ],
14 silly audit   'decompress-response': [ '6.0.0' ],
14 silly audit   'deep-extend': [ '0.6.0' ],
14 silly audit   'detect-libc': [ '2.1.2' ],
14 silly audit   'discord-api-types': [ '0.38.49' ],
14 silly audit   'discord.js': [ '14.26.4' ],
14 silly audit   dotenv: [ '17.4.2' ],
14 silly audit   'end-of-stream': [ '1.4.5' ],
14 silly audit   'expand-template': [ '2.0.3' ],
14 silly audit   'fast-deep-equal': [ '3.1.3' ],
14 silly audit   'file-uri-to-path': [ '1.0.0' ],
14 silly audit   'fs-constants': [ '1.0.0' ],
14 silly audit   'github-from-package': [ '0.0.0' ],
14 silly audit   ieee754: [ '1.2.1' ],
14 silly audit   inherits: [ '2.0.4' ],
14 silly audit   ini: [ '1.3.8' ],
14 silly audit   'lavalink-client': [ '2.10.3' ],
14 silly audit   libsodium: [ '0.8.4' ],
14 silly audit   'libsodium-wrappers': [ '0.8.4' ],
14 silly audit   lodash: [ '4.18.1' ],
14 silly audit   'lodash.snakecase': [ '4.1.1' ],
14 silly audit   'magic-bytes.js': [ '1.13.0' ],
14 silly audit   'mimic-response': [ '3.1.0' ],
14 silly audit   minimist: [ '1.2.8' ],
14 silly audit   'mkdirp-classic': [ '0.5.3' ],
14 silly audit   'napi-build-utils': [ '2.0.0' ],
14 silly audit   'node-abi': [ '3.94.0' ],
14 silly audit   once: [ '1.4.0' ],
14 silly audit   'prebuild-install': [ '7.1.3' ],
14 silly audit   pump: [ '3.0.4' ],
14 silly audit   rc: [ '1.2.8' ],
14 silly audit   'readable-stream': [ '3.6.2' ],
14 silly audit   'safe-buffer': [ '5.2.1' ],
14 silly audit   semver: [ '7.8.5' ],
14 silly audit   'simple-concat': [ '1.0.1' ],
14 silly audit   'simple-get': [ '4.0.1' ],
14 silly audit   string_decoder: [ '1.3.0' ],
14 silly audit   'strip-json-comments': [ '2.0.1' ],
14 silly audit   'tar-fs': [ '2.1.5' ],
14 silly audit   'tar-stream': [ '2.2.0' ],
14 silly audit   'ts-mixer': [ '6.0.4' ],
14 silly audit   tslib: [ '2.8.1' ],
14 silly audit   'tunnel-agent': [ '0.6.0' ],
14 silly audit   undici: [ '6.24.1' ],
14 silly audit   'undici-types': [ '8.3.0' ],
14 silly audit   'util-deprecate': [ '1.0.2' ],
14 silly audit   wrappy: [ '1.0.2' ],
14 silly audit   ws: [ '8.21.0' ]
14 silly audit }
15 http fetch POST 200 https://registry.npmjs.org/-/npm/v1/security/advisories/bulk 674ms
16 silly audit report {
16 silly audit report   undici: [
16 silly audit report     {
16 silly audit report       id: 1121242,
16 silly audit report       url: 'https://github.com/advisories/GHSA-p88m-4jfj-68fv',
16 silly audit report       title: 'undici vulnerable to HTTP header injection via Set-Cookie percent-decoding',
16 silly audit report       severity: 'moderate',
16 silly audit report       vulnerable_versions: '<6.27.0',
16 silly audit report       cwe: [Array],
16 silly audit report       cvss: [Object]
16 silly audit report     },
16 silly audit report     {
16 silly audit report       id: 1121245,
16 silly audit report       url: 'https://github.com/advisories/GHSA-vxpw-j846-p89q',
16 silly audit report       title: 'undici WebSocket client vulnerable to denial of service via fragment count bypass',
16 silly audit report       severity: 'high',
16 silly audit report       vulnerable_versions: '<6.27.0',
16 silly audit report       cwe: [Array],
16 silly audit report       cvss: [Object]
16 silly audit report     },
16 silly audit report     {
16 silly audit report       id: 1121250,
16 silly audit report       url: 'https://github.com/advisories/GHSA-35p6-xmwp-9g52',
16 silly audit report       title: 'undici vulnerable to HTTP response queue poisoning via keep-alive socket reuse',
16 silly audit report       severity: 'low',
16 silly audit report       vulnerable_versions: '<6.27.0',
16 silly audit report       cwe: [Array],
16 silly audit report       cvss: [Object]
16 silly audit report     },
16 silly audit report     {
16 silly audit report       id: 1121255,
16 silly audit report       url: 'https://github.com/advisories/GHSA-g8m3-5g58-fq7m',
16 silly audit report       title: 'undici vulnerable to Set-Cookie SameSite attribute downgrade via permissive substring matching',
16 silly audit report       severity: 'low',
16 silly audit report       vulnerable_versions: '<6.27.0',
16 silly audit report       cwe: [Array],
16 silly audit report       cvss: [Object]
16 silly audit report     }
16 silly audit report   ]
16 silly audit report }
17 silly packumentCache corgi:https://registry.npmjs.org/undici cache-miss
18 http fetch GET 200 https://registry.npmjs.org/undici 103ms (cache revalidated)
19 silly packumentCache corgi:https://registry.npmjs.org/undici set size:448766 disposed:false
20 silly packumentCache corgi:https://registry.npmjs.org/@discordjs%2frest cache-miss
21 silly packumentCache corgi:https://registry.npmjs.org/discord.js cache-miss
22 http fetch GET 200 https://registry.npmjs.org/@discordjs%2frest 212ms (cache revalidated)
23 silly packumentCache corgi:https://registry.npmjs.org/@discordjs%2frest set size:2924191 disposed:false
24 http fetch GET 200 https://registry.npmjs.org/discord.js 738ms (cache revalidated)
25 silly packumentCache corgi:https://registry.npmjs.org/discord.js set size:4065907 disposed:false
26 silly packumentCache corgi:https://registry.npmjs.org/@discordjs%2fws cache-miss
27 http fetch GET 200 https://registry.npmjs.org/@discordjs%2fws 241ms (cache revalidated)
28 silly packumentCache corgi:https://registry.npmjs.org/@discordjs%2fws set size:2736757 disposed:false
29 verbose cwd /home/container
30 verbose os Linux 6.1.0-49-amd64
31 verbose node v24.11.1
32 verbose npm  v11.6.2
33 verbose exit 0
34 info ok
